C51 COMPILER V9.60.0.0   LCD1601                                                           06/06/2021 20:49:01 PAGE 1   


C51 COMPILER V9.60.0.0, COMPILATION OF MODULE LCD1601
OBJECT MODULE PLACED IN .\Objects\LCD1601.obj
COMPILER INVOKED BY: F:\Keil5\C51\BIN\C51.EXE LCD1601.c OPTIMIZE(8,SPEED) BROWSE DEBUG OBJECTEXTEND PRINT(.\Listings\LCD
                    -1601.lst) OBJECT(.\Objects\LCD1601.obj)

line level    source

   1          #include "LCD1601.h"
   2          
   3          /**********    忙检测    **************/
   4          void LCDRWReady()
   5          {
   6   1              unsigned char addr;
   7   1              LCD_DB = 0xFF;
   8   1              LCD_RS = 0;
   9   1              LCD_RW = 1;
  10   1              
  11   1              do {
  12   2                      LCD_E = 1;
  13   2                      addr = LCD_DB;
  14   2                      LCD_E = 0;
  15   2              }while(addr & 0x80);
  16   1      }
  17          /**************************************/
  18          /**********    写数据     **************/
  19          void LCDWriteDat(unsigned char dats)
  20          {
  21   1              LCDRWReady();
  22   1              LCD_RS = 1;
  23   1              LCD_RW = 0;
  24   1              LCD_DB = dats;
  25   1              LCD_E = 1;
  26   1              LCD_E = 0;
  27   1      }
  28          /**************************************/
  29          /***********    写指令    **************/
  30          void LCDWriteCmd(unsigned char cmd)
  31          {
  32   1              LCDRWReady();
  33   1              LCD_RS = 0;
  34   1              LCD_RW = 0;
  35   1              LCD_DB = cmd;
  36   1              LCD_E = 1;
  37   1              LCD_E = 0;
  38   1      }
  39          /**************************************/
  40          /*********     XY坐标设置    ***********/
  41          void LCDXYConfig(unsigned char x ,unsigned char y)
  42          {
  43   1              unsigned char addr;
  44   1              if(y == 0)
  45   1              {
  46   2                      addr = 0x00 + x;
  47   2              }
  48   1              else 
  49   1              {
  50   2                      addr = 0x40 + x;
  51   2              }
  52   1              
  53   1              LCDWriteCmd(addr | 0x80);
  54   1      }
C51 COMPILER V9.60.0.0   LCD1601                                                           06/06/2021 20:49:01 PAGE 2   

  55          /**************************************/
  56          /**********    显示字符    ************/
  57          void LCDShowStr (unsigned char x, unsigned char y, unsigned char *str)
  58          {
  59   1              unsigned char i=x;
  60   1              LCDXYConfig(x,y);
  61   1              while(*str != '\0')
  62   1              {
  63   2                      if(i>=8)        
  64   2                      {
  65   3                              LCDXYConfig(i-8,1);
  66   3                              i=0;
  67   3                      }                               
  68   2                      LCDWriteDat (*str++);
  69   2                      i++;
  70   2              }
  71   1      }
  72          /**************************************/
  73          /***********    初始化    *************/
  74          void LCDInit()
  75          {
  76   1              LCDWriteCmd(0x38);
  77   1              LCDWriteCmd(0x0C);
  78   1              LCDWriteCmd(0x06);
  79   1              LCDWriteCmd(0x01);
  80   1      }


MODULE INFORMATION:   STATIC OVERLAYABLE
   CODE SIZE        =    160    ----
   CONSTANT SIZE    =   ----    ----
   XDATA SIZE       =   ----    ----
   PDATA SIZE       =   ----    ----
   DATA SIZE        =   ----       4
   IDATA SIZE       =   ----    ----
   BIT SIZE         =   ----    ----
END OF MODULE INFORMATION.


C51 COMPILATION COMPLETE.  0 WARNING(S),  0 ERROR(S)
