C51 COMPILER V9.60.0.0   MAIN                                                              02/16/2022 16:46:42 PAGE 1   


C51 COMPILER V9.60.0.0, COMPILATION OF MODULE MAIN
OBJECT MODULE PLACED IN .\Objects\main.obj
COMPILER INVOKED BY: C:\Program Files\Keil 5\C51\BIN\C51.EXE main.c OPTIMIZE(8,SPEED) BROWSE DEBUG OBJECTEXTEND PRINT(.\
                    -Listings\main.lst) TABS(2) OBJECT(.\Objects\main.obj)

line level    source

   1          #include "reg52.h"
   2          #include "intrins.h"
   3          #define uint8_t unsigned char
   4          sbit DS = P2^0;
   5          sbit SH_CP = P2^1;
   6          sbit ST_CP = P2^2;
   7          
   8          sbit KEY_IN = P3^2;
   9          uint8_t flag = 1;
  10          bit LEDBuff = 0;
  11          int goToReadTime=0;
  12          sbit LED = P1^1;
  13          void send595Bytes (unsigned long Bytes);
  14          int main (void) {
  15   1          TMOD = 0x11;
  16   1          TH0 = 0xD8;
  17   1          TL0 = 0xF0;
  18   1          TR0 = 1;
  19   1          ET0 = 1;
  20   1          EA = 1;
  21   1      
  22   1          while(1);
  23   1      }
  24          unsigned long pow (int a,int b){
  25   1        unsigned long pow=a;
  26   1        if(b==0){
  27   2          return 1;
  28   2        } else if (b==1) {
  29   2          return a;
  30   2        }
  31   1        for(;b>1;b--){
  32   2          pow *= a;
  33   2        }
  34   1        return pow;
  35   1      }
  36          void send595Bytes (unsigned long Bytes) {
  37   1          char i;
  38   1          SH_CP = 0;
  39   1          ST_CP = 0;
  40   1          for(i=0;i<32;i++) {
  41   2              DS = (Bytes & 0x01);
  42   2              _nop_();
  43   2              _nop_();
  44   2              SH_CP = 1;
  45   2              _nop_();
  46   2              _nop_();
  47   2              SH_CP = 0;
  48   2              Bytes = Bytes >> 1;
  49   2          }
  50   1          ST_CP = 1;
  51   1          _nop_();
  52   1          _nop_();
  53   1          ST_CP = 0;
  54   1      }
C51 COMPILER V9.60.0.0   MAIN                                                              02/16/2022 16:46:42 PAGE 2   

  55          void interruptTime1 () interrupt 1 {
  56   1          static uint8_t i=0,x=0,j=0;
  57   1          static unsigned long n=0xffffffff;
  58   1          TH0 = 0xD8;
  59   1          TL0 = 0XF0;
  60   1          send595Bytes(n);
  61   1          if(1){
  62   2            if(i%4==3){
  63   3              if(flag == 1){
  64   4                n >>= 1;
  65   4                if(n == 0x001){
  66   5                    LED=0;
  67   5                    flag = 2;
  68   5                }
  69   4              }
  70   3              else if(flag == 2){
  71   4                n = ((n&0x80000000)>>9)|((n<<1)&0xffffffff);
  72   4                if(n == 0x80000000)
  73   4                  flag = 3;
  74   4              } 
  75   3              else if (flag == 3){
  76   4                n = ((n&0x001)<<9)|((n>>1)&0xffffffff);
  77   4                if (n == 0x001)
  78   4                  flag = 4;
  79   4              }
  80   3              else if(flag == 4) {
  81   4                n -= 2147483648/(pow(2,j));
  82   4                j++;
  83   4                if(j == (31-x)){
  84   5                    j = 0;
  85   5                    x++;
  86   5                  }
  87   4                if(x==31){
  88   5                  flag = 5;x=0;}
  89   4              }
  90   3              else if(flag == 5){
  91   4                n <<= 1;
  92   4                if((n&0xffffffff) == 0x80000000){
  93   5                  flag = 6;n=0xC0000000;}
  94   4              }
  95   3              else if(flag == 6){
  96   4                n >>= 1;
  97   4                n += 0x80000000;
  98   4                if((n&0xffffffff) == 0xffffffff){
  99   5                   flag=1;
 100   5                  LEDBuff = 0;
 101   5                }
 102   4              }
 103   3              n &= 0xffffffff;
 104   3              i = 0;
 105   3            }
 106   2          }
 107   1          else{
 108   2                  n = 0xffffffff;
 109   2                  flag = 1;
 110   2                  x=0;
 111   2                  j = 0;
 112   2          }
 113   1          i++;
 114   1      }
*** WARNING C294 IN LINE 108 OF main.c: unreachable code

C51 COMPILER V9.60.0.0   MAIN                                                              02/16/2022 16:46:42 PAGE 3   


MODULE INFORMATION:   STATIC OVERLAYABLE
   CODE SIZE        =    784    ----
   CONSTANT SIZE    =   ----    ----
   XDATA SIZE       =   ----    ----
   PDATA SIZE       =   ----    ----
   DATA SIZE        =     10      10
   IDATA SIZE       =   ----    ----
   BIT SIZE         =      1    ----
END OF MODULE INFORMATION.


C51 COMPILATION COMPLETE.  1 WARNING(S),  0 ERROR(S)
